<Movie frameRate="24">
<Objects>
<Point id="GCa[-1,0,0]" color="FFFFFF"/>
<Point id="GCa[0,-1,0]" color="FFFFFF"/>
<Point id="GCa[0,0,-1]" color="FFFFFF"/>
<Point id="GCa[0,0,0]" color="F0F0F"/>
<Point id="GCa[0,0,1]" color="FFFFFF"/>
<Point id="GCa[0,1,0]" color="FFFFFF"/>
<Point id="GCa[1,0,0]" color="FFFFFF"/>
</Objects>
Starting simulation with 7 particles and 21 forces
Update force between GCa[-1,0,0] and GCa[0,-1,0]. (0.000000000, 0.000000000, 0.000000000)->(0.000000000, -0.000000000, 0.000000000)

Deltaspeed 0.000000 dist 1.414214 wait: 1000.000000
<Frame time="0.000">
<Update id="GCa[-1,0,0]" position="-1.000, 0.000, 0.000"/>
<Update id="GCa[0,-1,0]" position="0.000, -1.000, 0.000"/>
<Update id="GCa[0,0,-1]" position="0.000, 0.000, -1.000"/>
<Update id="GCa[0,0,0]" position="0.000, 0.000, 0.000"/>
<Update id="GCa[0,0,1]" position="0.000, 0.000, 1.000"/>
<Update id="GCa[0,1,0]" position="0.000, 1.000, 0.000"/>
<Update id="GCa[1,0,0]" position="1.000, 0.000, 0.000"/>
</Frame>
Update force between GCa[-1,0,0] and GCa[0,0,-1]. (0.000000000, -0.000000000, 0.000000000)->(0.000000000, -0.000000000, -0.000000000)

Deltaspeed 0.000000 dist 1.414214 wait: 1000.000000
Update force between GCa[-1,0,0] and GCa[0,0,1]. (0.000000000, -0.000000000, -0.000000000)->(0.000000000, -0.000000000, 0.000000000)

Deltaspeed 0.000000 dist 1.414214 wait: 1000.000000
Update force between GCa[0,-1,0] and GCa[0,0,0]. (-0.000000000, 0.000000000, 0.000000000)->(-0.000000000, 0.000000000, 0.000000000)

Deltaspeed 0.000000 dist 1.000000 wait: 1000.000000
Update force between GCa[0,0,0] and GCa[0,0,1]. (0.000000000, -0.000000000, 0.000000000)->(0.000000000, -0.000000000, 0.000000000)

Deltaspeed 0.000000 dist 1.000000 wait: 1000.000000
Update force between GCa[0,0,0] and GCa[0,1,0]. (0.000000000, -0.000000000, 0.000000000)->(0.000000000, 0.000000000, 0.000000000)

Deltaspeed 0.000000 dist 1.000000 wait: 1000.000000
Update force between GCa[0,-1,0] and GCa[0,0,1]. (-0.000000000, 0.000000000, 0.000000000)->(-0.000000000, 0.000000000, 0.000000000)

Deltaspeed 0.000000 dist 1.414214 wait: 1000.000000
Update force between GCa[0,0,0] and GCa[1,0,0]. (0.000000000, 0.000000000, 0.000000000)->(0.000000000, 0.000000000, 0.000000000)

Deltaspeed 0.000000 dist 1.000000 wait: 1000.000000
Update force between GCa[0,0,1] and GCa[0,1,0]. (-0.000000000, -0.000000000, -0.000000000)->(-0.000000000, 0.000000000, -0.000000000)

Deltaspeed 0.000000 dist 1.414214 wait: 1000.000000
Update force between GCa[-1,0,0] and GCa[0,1,0]. (0.000000000, -0.000000000, 0.000000000)->(0.000000000, 0.000000000, 0.000000000)

Deltaspeed 0.000000 dist 1.414214 wait: 1000.000000
Update force between GCa[0,-1,0] and GCa[0,1,0]. (-0.000000000, 0.000000000, 0.000000000)->(-0.000000000, 0.000000000, 0.000000000)

Deltaspeed 0.000000 dist 2.000000 wait: 1000.000000
Update force between GCa[0,0,1] and GCa[1,0,0]. (-0.000000000, 0.000000000, -0.000000000)->(0.000000000, 0.000000000, -0.000000000)

Deltaspeed 0.000000 dist 1.414214 wait: 1000.000000
Update force between GCa[0,1,0] and GCa[1,0,0]. (-0.000000000, -0.000000000, 0.000000000)->(0.000000000, -0.000000000, 0.000000000)

Deltaspeed 0.000000 dist 1.414214 wait: 1000.000000
Update force between GCa[0,-1,0] and GCa[1,0,0]. (-0.000000000, 0.000000000, 0.000000000)->(0.000000000, 0.000000000, 0.000000000)

Deltaspeed 0.000000 dist 1.414214 wait: 1000.000000
Update force between GCa[-1,0,0] and GCa[0,0,0]. (0.000000000, 0.000000000, 0.000000000)->(0.000000000, 0.000000000, 0.000000000)

Deltaspeed 0.000000 dist 1.000000 wait: 1000.000000
Update force between GCa[-1,0,0] and GCa[1,0,0]. (0.000000000, 0.000000000, 0.000000000)->(0.000000000, 0.000000000, 0.000000000)

Deltaspeed 0.000000 dist 2.000000 wait: 1000.000000
Update force between GCa[0,0,-1] and GCa[0,0,0]. (-0.000000000, 0.000000000, 0.000000000)->(-0.000000000, 0.000000000, 0.000000000)

Deltaspeed 0.000000 dist 1.000000 wait: 1000.000000
Update force between GCa[0,0,-1] and GCa[0,0,1]. (-0.000000000, 0.000000000, 0.000000000)->(-0.000000000, 0.000000000, 0.000000000)

Deltaspeed 0.000000 dist 2.000000 wait: 1000.000000
Update force between GCa[0,-1,0] and GCa[0,0,-1]. (0.000000000, 0.000000000, 0.000000000)->(0.000000000, 0.000000000, 0.000000000)

Deltaspeed 0.000000 dist 1.414214 wait: 1000.000000
Update force between GCa[0,0,-1] and GCa[0,1,0]. (-0.000000000, -0.000000000, 0.000000000)->(-0.000000000, 0.000000000, 0.000000000)

Deltaspeed 0.000000 dist 1.414214 wait: 1000.000000
Update force between GCa[0,0,-1] and GCa[1,0,0]. (-0.000000000, 0.000000000, 0.000000000)->(0.000000000, 0.000000000, 0.000000000)

Deltaspeed 0.000000 dist 1.414214 wait: 1000.000000
Part GCa[0,0,-1] moves at (0.000000000, 0.000000000, 0.000000001) to (0.000000000, 0.000000000, -0.999999301) at 1000.000000000)
Part GCa[0,1,0] moves at (0.000000000, -0.000000001, 0.000000000) to (0.000000000, 0.999999301, 0.000000000) at 1000.000000000)
Update force between GCa[0,0,-1] and GCa[0,1,0]. (0.000000000, 0.000000000, 0.000000000)->(0.000000000, 0.000000000, 0.000000000)

Deltaspeed 0.000000 dist 1.414213 wait: 1000.000000
Part GCa[1,0,0] moves at (-0.000000001, 0.000000000, 0.000000000) to (0.999999301, 0.000000000, 0.000000000) at 1000.000000000)
Update force between GCa[0,0,-1] and GCa[1,0,0]. (0.000000000, 0.000000000, 0.000000000)->(0.000000000, 0.000000000, 0.000000000)

Deltaspeed 0.000000 dist 1.414213 wait: 1000.000000
Part GCa[0,0,1] moves at (0.000000000, 0.000000000, -0.000000001) to (0.000000000, 0.000000000, 0.999999301) at 1000.000000000)
Update force between GCa[0,0,1] and GCa[1,0,0]. (0.000000000, 0.000000000, -0.000000000)->(0.000000000, 0.000000000, -0.000000000)

Deltaspeed 0.000000 dist 1.414213 wait: 1000.000000
Part GCa[0,0,0] moves at (0.000000000, 0.000000000, 0.000000000) to (0.000000000, 0.000000000, 0.000000000) at 1000.000000000)
Update force between GCa[0,0,0] and GCa[0,1,0]. (0.000000000, 0.000000000, 0.000000000)->(0.000000000, 0.000000000, 0.000000000)

Deltaspeed 0.000000 dist 0.999999 wait: 1000.000000
Part GCa[-1,0,0] moves at (0.000000001, 0.000000000, 0.000000000) to (-0.999999301, 0.000000000, 0.000000000) at 1000.000000000)
Update force between GCa[-1,0,0] and GCa[0,0,-1]. (0.000000000, 0.000000000, 0.000000000)->(0.000000000, 0.000000000, -0.000000000)

Deltaspeed 0.000000 dist 1.414213 wait: 1000.000000
Part GCa[0,-1,0] moves at (0.000000000, 0.000000001, 0.000000000) to (0.000000000, -0.999999301, 0.000000000) at 1000.000000000)
Update force between GCa[-1,0,0] and GCa[0,-1,0]. (0.000000000, 0.000000000, -0.000000000)->(0.000000000, -0.000000000, -0.000000000)

Deltaspeed 0.000000 dist 1.414213 wait: 1000.000000
Update force between GCa[0,0,0] and GCa[0,0,1]. (0.000000000, 0.000000000, 0.000000000)->(0.000000000, 0.000000000, 0.000000000)

Deltaspeed 0.000000 dist 0.999999 wait: 1000.000000
Update force between GCa[-1,0,0] and GCa[0,0,1]. (0.000000000, -0.000000000, -0.000000000)->(0.000000000, -0.000000000, 0.000000000)

Deltaspeed 0.000000 dist 1.414213 wait: 1000.000000
Update force between GCa[0,-1,0] and GCa[0,0,0]. (-0.000000000, 0.000000000, 0.000000000)->(-0.000000000, 0.000000000, 0.000000000)

Deltaspeed 0.000000 dist 0.999999 wait: 1000.000000
Update force between GCa[0,-1,0] and GCa[0,1,0]. (-0.000000000, 0.000000000, 0.000000000)->(-0.000000000, 0.000000000, 0.000000000)

Deltaspeed 0.000000 dist 1.999999 wait: 1000.000000
Update force between GCa[0,0,1] and GCa[0,1,0]. (0.000000000, 0.000000000, -0.000000000)->(0.000000000, 0.000000000, -0.000000000)

Deltaspeed 0.000000 dist 1.414213 wait: 1000.000000
Update force between GCa[0,-1,0] and GCa[0,0,1]. (-0.000000000, 0.000000000, 0.000000000)->(-0.000000000, 0.000000000, 0.000000000)

Deltaspeed 0.000000 dist 1.414213 wait: 1000.000000
Update force between GCa[0,0,0] and GCa[1,0,0]. (0.000000000, 0.000000000, 0.000000000)->(0.000000000, 0.000000000, 0.000000000)

Deltaspeed 0.000000 dist 0.999999 wait: 1000.000000
Update force between GCa[-1,0,0] and GCa[0,1,0]. (0.000000000, -0.000000000, 0.000000000)->(0.000000000, 0.000000000, 0.000000000)

Deltaspeed 0.000000 dist 1.414213 wait: 1000.000000
Update force between GCa[0,-1,0] and GCa[0,0,-1]. (-0.000000000, 0.000000000, 0.000000000)->(-0.000000000, 0.000000000, 0.000000000)

Deltaspeed 0.000000 dist 1.414213 wait: 1000.000000
Update force between GCa[-1,0,0] and GCa[0,0,0]. (0.000000000, 0.000000000, 0.000000000)->(0.000000000, 0.000000000, 0.000000000)

Deltaspeed 0.000000 dist 0.999999 wait: 1000.000000
Update force between GCa[0,1,0] and GCa[1,0,0]. (-0.000000000, -0.000000000, 0.000000000)->(0.000000000, -0.000000000, 0.000000000)

Deltaspeed 0.000000 dist 1.414213 wait: 1000.000000
Update force between GCa[0,-1,0] and GCa[1,0,0]. (-0.000000000, 0.000000000, 0.000000000)->(0.000000000, 0.000000000, 0.000000000)

Deltaspeed 0.000000 dist 1.414213 wait: 1000.000000
Update force between GCa[0,0,-1] and GCa[0,0,1]. (0.000000000, 0.000000000, 0.000000000)->(0.000000000, 0.000000000, 0.000000000)

Deltaspeed 0.000000 dist 1.999999 wait: 1000.000000
Update force between GCa[-1,0,0] and GCa[1,0,0]. (0.000000000, 0.000000000, 0.000000000)->(0.000000000, 0.000000000, 0.000000000)

Deltaspeed 0.000000 dist 1.999999 wait: 1000.000000
Update force between GCa[0,0,-1] and GCa[0,0,0]. (0.000000000, 0.000000000, 0.000000000)->(0.000000000, 0.000000000, 0.000000000)

Deltaspeed 0.000000 dist 0.999999 wait: 1000.000000
Part GCa[-1,0,0] moves at (0.000000003, 0.000000000, 0.000000000) to (-0.999997204, 0.000000000, 0.000000000) at 2000.000000000)
Part GCa[1,0,0] moves at (-0.000000003, 0.000000000, 0.000000000) to (0.999997204, 0.000000000, 0.000000000) at 2000.000000000)
Update force between GCa[-1,0,0] and GCa[1,0,0]. (0.000000000, 0.000000000, 0.000000000)->(0.000000000, 0.000000000, 0.000000000)

Deltaspeed 0.000000 dist 1.999994 wait: 1000.000000
Part GCa[0,0,-1] moves at (0.000000000, 0.000000000, 0.000000003) to (0.000000000, 0.000000000, -0.999997204) at 2000.000000000)
Part GCa[0,0,0] moves at (0.000000000, 0.000000000, 0.000000000) to (0.000000000, 0.000000000, 0.000000000) at 2000.000000000)
Update force between GCa[0,0,-1] and GCa[0,0,0]. (0.000000000, 0.000000000, 0.000000000)->(0.000000000, 0.000000000, 0.000000000)

Deltaspeed 0.000000 dist 0.999997 wait: 1000.000000
Part GCa[0,-1,0] moves at (0.000000000, 0.000000003, 0.000000000) to (0.000000000, -0.999997204, 0.000000000) at 2000.000000000)
Part GCa[0,0,1] moves at (0.000000000, 0.000000000, -0.000000003) to (0.000000000, 0.000000000, 0.999997204) at 2000.000000000)
Update force between GCa[0,-1,0] and GCa[0,0,1]. (0.000000000, 0.000000000, 0.000000000)->(0.000000000, 0.000000000, 0.000000000)

Deltaspeed 0.000000 dist 1.414210 wait: 1000.000000
Update force between GCa[-1,0,0] and GCa[0,-1,0]. (0.000000000, 0.000000000, 0.000000000)->(0.000000000, -0.000000000, 0.000000000)

Deltaspeed 0.000000 dist 1.414210 wait: 1000.000000
Update force between GCa[0,0,-1] and GCa[1,0,0]. (0.000000000, 0.000000000, 0.000000000)->(0.000000000, 0.000000000, 0.000000000)

Deltaspeed 0.000000 dist 1.414210 wait: 1000.000000
Part GCa[0,1,0] moves at (0.000000000, -0.000000003, 0.000000000) to (0.000000000, 0.999997204, 0.000000000) at 2000.000000000)
Update force between GCa[0,0,-1] and GCa[0,1,0]. (0.000000000, 0.000000000, 0.000000000)->(0.000000000, 0.000000000, 0.000000000)

Deltaspeed 0.000000 dist 1.414210 wait: 1000.000000
<Frame time="2000.000">
<Update id="GCa[-1,0,0]" position="-1.000, 0.000, 0.000"/>
<Update id="GCa[0,-1,0]" position="0.000, -1.000, 0.000"/>
<Update id="GCa[0,0,-1]" position="0.000, 0.000, -1.000"/>
<Update id="GCa[0,0,0]" position="0.000, 0.000, 0.000"/>
<Update id="GCa[0,0,1]" position="0.000, 0.000, 1.000"/>
<Update id="GCa[0,1,0]" position="0.000, 1.000, 0.000"/>
<Update id="GCa[1,0,0]" position="1.000, 0.000, 0.000"/>
</Frame>
</Movie>